Script started on 2022-08-10 10:44:04+05:30 [TERM="xterm-256color" TTY="/dev/pts/0" COLUMNS="120" LINES="30"]
(base) ]0;ankurguglani@TIGER03379: ~/mygit_project[01;32mankurguglani@TIGER03379[00m:[01;34m~/mygit_project[00m$ git init
Initialized empty Git repository in /home/ankurguglani/mygit_project/.git/
(base) ]0;ankurguglani@TIGER03379: ~/mygit_project[01;32mankurguglani@TIGER03379[00m:[01;34m~/mygit_project[00m$ git status
On branch master

No commits yet

nothing to commit (create/copy files and use "git add" to track)
(base) ]0;ankurguglani@TIGER03379: ~/mygit_project[01;32mankurguglani@TIGER03379[00m:[01;34m~/mygit_project[00m$ echo 'My Project' >README README
(base) ]0;ankurguglani@TIGER03379: ~/mygit_project[01;32mankurguglani@TIGER03379[00m:[01;34m~/mygit_project[00m$ git status
On branch master

No commits yet

Untracked files:
  (use "git add <file>..." to include in what will be committed)
	[31mREADME[m

nothing added to commit but untracked files present (use "git add" to track)
(base) ]0;ankurguglani@TIGER03379: ~/mygit_project[01;32mankurguglani@TIGER03379[00m:[01;34m~/mygit_project[00m$ git add README
(base) ]0;ankurguglani@TIGER03379: ~/mygit_project[01;32mankurguglani@TIGER03379[00m:[01;34m~/mygit_project[00m$ git status
On branch master

No commits yet

Changes to be committed:
  (use "git rm --cached <file>..." to unstage)
	[32mnew file:   README[m

(base) ]0;ankurguglani@TIGER03379: ~/mygit_project[01;32mankurguglani@TIGER03379[00m:[01;34m~/mygit_project[00m$ [K(base) ]0;ankurguglani@TIGER03379: ~/mygit_project[01;32mankurguglani@TIGER03379[00m:[01;34m~/mygit_project[00m$ [K(base) ]0;ankurguglani@TIGER03379: ~/mygit_project[01;32mankurguglani@TIGER03379[00m:[01;34m~/mygit_project[00m$ [K(base) ]0;ankurguglani@TIGER03379: ~/mygit_project[01;32mankurguglani@TIGER03379[00m:[01;34m~/mygit_project[00m$ [K(base) ]0;ankurguglani@TIGER03379: ~/mygit_project[01;32mankurguglani@TIGER03379[00m:[01;34m~/mygit_project[00m$ [K(base) ]0;ankurguglani@TIGER03379: ~/mygit_project[01;32mankurguglani@TIGER03379[00m:[01;34m~/mygit_project[00m$ [K(base) ]0;ankurguglani@TIGER03379: ~/mygit_project[01;32mankurguglani@TIGER03379[00m:[01;34m~/mygit_project[00m$ [K(base) ]0;ankurguglani@TIGER03379: ~/mygit_project[01;32mankurguglani@TIGER03379[00m:[01;34m~/mygit_project[00m$ [K(base) ]0;ankurguglani@TIGER03379: ~/mygit_project[01;32mankurguglani@TIGER03379[00m:[01;34m~/mygit_project[00m$ [K(base) ]0;ankurguglani@TIGER03379: ~/mygit_project[01;32mankurguglani@TIGER03379[00m:[01;34m~/mygit_project[00m$ [K(base) ]0;ankurguglani@TIGER03379: ~/mygit_project[01;32mankurguglani@TIGER03379[00m:[01;34m~/mygit_project[00m$ [K(base) ]0;ankurguglani@TIGER03379: ~/mygit_project[01;32mankurguglani@TIGER03379[00m:[01;34m~/mygit_project[00m$ [K(base) ]0;ankurguglani@TIGER03379: ~/mygit_project[01;32mankurguglani@TIGER03379[00m:[01;34m~/mygit_project[00m$ [K(base) ]0;ankurguglani@TIGER03379: ~/mygit_project[01;32mankurguglani@TIGER03379[00m:[01;34m~/mygit_project[00m$ [K(base) ]0;ankurguglani@TIGER03379: ~/mygit_project[01;32mankurguglani@TIGER03379[00m:[01;34m~/mygit_project[00m$ [K(base) ]0;ankurguglani@TIGER03379: ~/mygit_project[01;32mankurguglani@TIGER03379[00m:[01;34m~/mygit_project[00m$ [K(base) ]0;ankurguglani@TIGER03379: ~/mygit_project[01;32mankurguglani@TIGER03379[00m:[01;34m~/mygit_project[00m$ [K(base) ]0;ankurguglani@TIGER03379: ~/mygit_project[01;32mankurguglani@TIGER03379[00m:[01;34m~/mygit_project[00m$ [K(base) ]0;ankurguglani@TIGER03379: ~/mygit_project[01;32mankurguglani@TIGER03379[00m:[01;34m~/mygit_project[00m$ [K(base) ]0;ankurguglani@TIGER03379: ~/mygit_project[01;32mankurguglani@TIGER03379[00m:[01;34m~/mygit_project[00m$ [K(base) ]0;ankurguglani@TIGER03379: ~/mygit_project[01;32mankurguglani@TIGER03379[00m:[01;34m~/mygit_project[00m$ [K(base) ]0;ankurguglani@TIGER03379: ~/mygit_project[01;32mankurguglani@TIGER03379[00m:[01;34m~/mygit_project[00m$ [K(base) ]0;ankurguglani@TIGER03379: ~/mygit_project[01;32mankurguglani@TIGER03379[00m:[01;34m~/mygit_project[00m$ [K(base) ]0;ankurguglani@TIGER03379: ~/mygit_project[01;32mankurguglani@TIGER03379[00m:[01;34m~/mygit_project[00m$ [K(base) ]0;ankurguglani@TIGER03379: ~/mygit_project[01;32mankurguglani@TIGER03379[00m:[01;34m~/mygit_project[00m$ [K(base) ]0;ankurguglani@TIGER03379: ~/mygit_project[01;32mankurguglani@TIGER03379[00m:[01;34m~/mygit_project[00m$ [K(base) ]0;ankurguglani@TIGER03379: ~/mygit_project[01;32mankurguglani@TIGER03379[00m:[01;34m~/mygit_project[00m$ [K(base) ]0;ankurguglani@TIGER03379: ~/mygit_project[01;32mankurguglani@TIGER03379[00m:[01;34m~/mygit_project[00m$ [K(base) ]0;ankurguglani@TIGER03379: ~/mygit_project[01;32mankurguglani@TIGER03379[00m:[01;34m~/mygit_project[00m$ [K(base) ]0;ankurguglani@TIGER03379: ~/mygit_project[01;32mankurguglani@TIGER03379[00m:[01;34m~/mygit_project[00m$ [K(base) ]0;ankurguglani@TIGER03379: ~/mygit_project[01;32mankurguglani@TIGER03379[00m:[01;34m~/mygit_project[00m$ [K(base) ]0;ankurguglani@TIGER03379: ~/mygit_project[01;32mankurguglani@TIGER03379[00m:[01;34m~/mygit_project[00m$ [K(base) ]0;ankurguglani@TIGER03379: ~/mygit_project[01;32mankurguglani@TIGER03379[00m:[01;34m~/mygit_project[00m$ [K(base) ]0;ankurguglani@TIGER03379: ~/mygit_project[01;32mankurguglani@TIGER03379[00m:[01;34m~/mygit_project[00m$ [K(base) ]0;ankurguglani@TIGER03379: ~/mygit_project[01;32mankurguglani@TIGER03379[00m:[01;34m~/mygit_project[00m$ [K(base) ]0;ankurguglani@TIGER03379: ~/mygit_project[01;32mankurguglani@TIGER03379[00m:[01;34m~/mygit_project[00m$ [K(base) ]0;ankurguglani@TIGER03379: ~/mygit_project[01;32mankurguglani@TIGER03379[00m:[01;34m~/mygit_project[00m$ [K(base) ]0;ankurguglani@TIGER03379: ~/mygit_project[01;32mankurguglani@TIGER03379[00m:[01;34m~/mygit_project[00m$ [K(base) ]0;ankurguglani@TIGER03379: ~/mygit_project[01;32mankurguglani@TIGER03379[00m:[01;34m~/mygit_project[00m$ [K(base) ]0;ankurguglani@TIGER03379: ~/mygit_project[01;32mankurguglani@TIGER03379[00m:[01;34m~/mygit_project[00m$ [K(base) ]0;ankurguglani@TIGER03379: ~/mygit_project[01;32mankurguglani@TIGER03379[00m:[01;34m~/mygit_project[00m$ [K(base) ]0;ankurguglani@TIGER03379: ~/mygit_project[01;32mankurguglani@TIGER03379[00m:[01;34m~/mygit_project[00m$ [K(base) ]0;ankurguglani@TIGER03379: ~/mygit_project[01;32mankurguglani@TIGER03379[00m:[01;34m~/mygit_project[00m$ [K(base) ]0;ankurguglani@TIGER03379: ~/mygit_project[01;32mankurguglani@TIGER03379[00m:[01;34m~/mygit_project[00m$ [K(base) ]0;ankurguglani@TIGER03379: ~/mygit_project[01;32mankurguglani@TIGER03379[00m:[01;34m~/mygit_project[00m$ [K(base) ]0;ankurguglani@TIGER03379: ~/mygit_project[01;32mankurguglani@TIGER03379[00m:[01;34m~/mygit_project[00m$ [K(base) ]0;ankurguglani@TIGER03379: ~/mygit_project[01;32mankurguglani@TIGER03379[00m:[01;34m~/mygit_project[00m$ [K(base) ]0;ankurguglani@TIGER03379: ~/mygit_project[01;32mankurguglani@TIGER03379[00m:[01;34m~/mygit_project[00m$ [K(base) ]0;ankurguglani@TIGER03379: ~/mygit_project[01;32mankurguglani@TIGER03379[00m:[01;34m~/mygit_project[00m$ [K(base) ]0;ankurguglani@TIGER03379: ~/mygit_project[01;32mankurguglani@TIGER03379[00m:[01;34m~/mygit_project[00m$ [K(base) ]0;ankurguglani@TIGER03379: ~/mygit_project[01;32mankurguglani@TIGER03379[00m:[01;34m~/mygit_project[00m$ [K(base) ]0;ankurguglani@TIGER03379: ~/mygit_project[01;32mankurguglani@TIGER03379[00m:[01;34m~/mygit_project[00m$ [K(base) ]0;ankurguglani@TIGER03379: ~/mygit_project[01;32mankurguglani@TIGER03379[00m:[01;34m~/mygit_project[00m$ [K(base) ]0;ankurguglani@TIGER03379: ~/mygit_project[01;32mankurguglani@TIGER03379[00m:[01;34m~/mygit_project[00m$ [K(base) ]0;ankurguglani@TIGER03379: ~/mygit_project[01;32mankurguglani@TIGER03379[00m:[01;34m~/mygit_project[00m$ [K(base) ]0;ankurguglani@TIGER03379: ~/mygit_project[01;32mankurguglani@TIGER03379[00m:[01;34m~/mygit_project[00m$ [K(base) ]0;ankurguglani@TIGER03379: ~/mygit_project[01;32mankurguglani@TIGER03379[00m:[01;34m~/mygit_project[00m$ [K(base) ]0;ankurguglani@TIGER03379: ~/mygit_project[01;32mankurguglani@TIGER03379[00m:[01;34m~/mygit_project[00m$ [K(base) ]0;ankurguglani@TIGER03379: ~/mygit_project[01;32mankurguglani@TIGER03379[00m:[01;34m~/mygit_project[00m$ [K(base) ]0;ankurguglani@TIGER03379: ~/mygit_project[01;32mankurguglani@TIGER03379[00m:[01;34m~/mygit_project[00m$ [K(base) ]0;ankurguglani@TIGER03379: ~/mygit_project[01;32mankurguglani@TIGER03379[00m:[01;34m~/mygit_project[00m$ [K(base) ]0;ankurguglani@TIGER03379: ~/mygit_project[01;32mankurguglani@TIGER03379[00m:[01;34m~/mygit_project[00m$ [K(base) ]0;ankurguglani@TIGER03379: ~/mygit_project[01;32mankurguglani@TIGER03379[00m:[01;34m~/mygit_project[00m$ [K(base) ]0;ankurguglani@TIGER03379: ~/mygit_project[01;32mankurguglani@TIGER03379[00m:[01;34m~/mygit_project[00m$ [K(base) ]0;ankurguglani@TIGER03379: ~/mygit_project[01;32mankurguglani@TIGER03379[00m:[01;34m~/mygit_project[00m$ [K(base) ]0;ankurguglani@TIGER03379: ~/mygit_project[01;32mankurguglani@TIGER03379[00m:[01;34m~/mygit_project[00m$ [K(base) ]0;ankurguglani@TIGER03379: ~/mygit_project[01;32mankurguglani@TIGER03379[00m:[01;34m~/mygit_project[00m$ mkdir [K[K[K[K[K[Kecho'[K 'Con[K[KONTRIBUTING.md'
CONTRIBUTING.md
(base) ]0;ankurguglani@TIGER03379: ~/mygit_project[01;32mankurguglani@TIGER03379[00m:[01;34m~/mygit_project[00m$ git status
On branch master

No commits yet

Changes to be committed:
  (use "git rm --cached <file>..." to unstage)
	[32mnew file:   README[m

(base) ]0;ankurguglani@TIGER03379: ~/mygit_project[01;32mankurguglani@TIGER03379[00m:[01;34m~/mygit_project[00m$ git add COn[KNTRIBUTING.md
fatal: pathspec 'CONTRIBUTING.md' did not match any files
(base) ]0;ankurguglani@TIGER03379: ~/mygit_project[01;32mankurguglani@TIGER03379[00m:[01;34m~/mygit_project[00m$ mkdir CONTRIBUTING.md
(base) ]0;ankurguglani@TIGER03379: ~/mygit_project[01;32mankurguglani@TIGER03379[00m:[01;34m~/mygit_project[00m$ git add CONTRIBUTING.md
(base) ]0;ankurguglani@TIGER03379: ~/mygit_project[01;32mankurguglani@TIGER03379[00m:[01;34m~/mygit_project[00m$ git status
On branch master

No commits yet

Changes to be committed:
  (use "git rm --cached <file>..." to unstage)
	[32mnew file:   README[m

(base) ]0;ankurguglani@TIGER03379: ~/mygit_project[01;32mankurguglani@TIGER03379[00m:[01;34m~/mygit_project[00m$ vim [K[K[K[Kvim CONTRIBUTING.md
[?1049h[22;0;0t[>4;2m[?1h=[?2004h[1;30r[?12h[?12l[22;2t[22;1t[27m[23m[29m[m[H[2J[?25l[30;1H"CONTRIBUTING.md" is a directory[2;1H▽[6n[2;1H  [1;1H[>c]10;?]11;?[1;1H[34m" =========================================================================[2;1H" Netrw Directory Listing                                        [m[36m(netrw v16[m[3;1H[34m"   /home/ankurguglani/mygit_project/CONTRIBUTING.md
"   Sorted by[m[38;5;130m      name[m
[34m"   Sort sequence:[m[38;5;130m [\/]$[m[34m,[m[38;5;130m\<core\%(\.\d\+\)\=\>[m[34m,[m[38;5;130m\.h$[m[34m,[m[38;5;130m\.c$[m[34m,[m[38;5;130m\.cpp$[m[34m,[m[38;5;130m\~\=\*$[m[34m,[m[38;5;130m*[m[34m,[m[38;5;130m\[m[6;1H[34m"   Quick Help: [m[36m<F1>[m[35m:[mhelp  [36m-[m[35m:[mgo up dir  [36mD[m[35m:[mdelete  [36mR[m[35m:[mrename  [36ms[m[35m:[msort-by  [36mx[m[35m:[msp[7;1H[34m" =========================================================================[m[8;1H[4m[34m..[m[4m[36m/[m[4m                                                                        [m[9;1H[34m.[m[36m/[m
[94m~                                                                          [11;1H~                                                                          [12;1H~                                                                          [13;1H~                                                                          [14;1H~                                                                          [15;1H~                                                                          [16;1H~                                                                          [17;1H~                                                                          [18;1H~                                                                          [19;1H~                                                                          [20;1H~                                                                          [21;1H~                                                                          [22;1H~                                                                          [23;1H~                                                                          [24;1H~                                                                          [25;1H~                                                                          [26;1H~                                                                          [27;1H~                                                                          [28;1H~                                                                          [29;1H~                                                                          [m[30;58H8,1[11CAll[8;1H[?25h[?2004h[?25l[3;37H[K[8;1H[34m..[m[36m/[m[8;4H[K[10;1H[34m.git[m[36m/[m[10;6H[K[11;1H[4m[34mCONTRIBUTING.md[m[4m[36m/[m[4m                                                           [m[12;1HREADME[12;7H[K[30;58H11,1[11;1H[?25h[?25l[30;48H<20>[11;1H[30;48H    [11;2H[30;61H2[11;2H[?25h[?25l[30;1HType  :qa  and press <Enter> to exit Vim[30;58H[K[30;58H11,2[10CAll[11;2H[?25h[?25l[30;48Hq[11;2H[?25h[?25l[30;48H [11;2H[30;48Hqa[11;2H[30;1H[1mrecording @a[m[30;13H[K[30;58H11,2[10CAll[11;2H[?25h[?2004h[?25l[3;37H[34m/CONTRIBUTING.md[m[8;1H[4m[34m..[m[4m[36m/[m[4m                                                                        [m[10;1H[94m~                                                                          [11;1H~                                                                          [12;1H~                                                                          [m[30;58H[K[30;58H8,1[11CAll[8;1H[?25h[?25l[30;48H~@k[8;1H[30;48H   [7;1H[4m[34m" =========================================================================[m[8;1H[34m..[m[36m/[m[8;4H[K[30;58H7[7;1H[?25h[?25l[30;48H~@k[7;1H[30;48H   [6;1H[4m[34m"   Quick Help: [m[4m[36m<F1>[m[4m[35m:[m[4mhelp  [m[4m[36m-[m[4m[35m:[m[4mgo up dir  [m[4m[36mD[m[4m[35m:[m[4mdelete  [m[4m[36mR[m[4m[35m:[m[4mrename  [m[4m[36ms[m[4m[35m:[m[4msort-by  [m[4m[36mx[m[4m[35m:[m[4msp[m[7;1H[34m" =========================================================================[m[30;58H6[6;1H[?25h[?25l[30;48H~@k[6;1H[30;48H   [5;1H[4m[34m"   Sort sequence:[m[4m[38;5;130m [\/]$[m[4m[34m,[m[4m[38;5;130m\<core\%(\.\d\+\)\=\>[m[4m[34m,[m[4m[38;5;130m\.h$[m[4m[34m,[m[4m[38;5;130m\.c$[m[4m[34m,[m[4m[38;5;130m\.cpp$[m[4m[34m,[m[4m[38;5;130m\~\=\*$[m[4m[34m,[m[4m[38;5;130m*[m[4m[34m,[m[4m[38;5;130m\[m[6;1H[34m"   Quick Help: [m[36m<F1>[m[35m:[mhelp  [36m-[m[35m:[mgo up dir  [36mD[m[35m:[mdelete  [36mR[m[35m:[mrename  [36ms[m[35m:[msort-by  [36mx[m[35m:[msp[30;58H5[5;1H[?25h[?25l[30;48H~@k[5;1H[30;48H   [4;1H[4m[34m"   Sorted by[m[4m[38;5;130m      name[m[4m                                                    [m[5;1H[34m"   Sort sequence:[m[38;5;130m [\/]$[m[34m,[m[38;5;130m\<core\%(\.\d\+\)\=\>[m[34m,[m[38;5;130m\.h$[m[34m,[m[38;5;130m\.c$[m[34m,[m[38;5;130m\.cpp$[m[34m,[m[38;5;130m\~\=\*$[m[34m,[m[38;5;130m*[m[34m,[m[38;5;130m\[m[30;58H4[4;1H[?25h[?25l[30;48H~@k[4;1H[30;48H   [5;1H[4;1H[34m"   Sorted by[m[38;5;130m      name[m[4;24H[K[5;1H[4m[34m"   Sort sequence:[m[4m[38;5;130m [\/]$[m[4m[34m,[m[4m[38;5;130m\<core\%(\.\d\+\)\=\>[m[4m[34m,[m[4m[38;5;130m\.h$[m[4m[34m,[m[4m[38;5;130m\.c$[m[4m[34m,[m[4m[38;5;130m\.cpp$[m[4m[34m,[m[4m[38;5;130m\~\=\*$[m[4m[34m,[m[4m[38;5;130m*[m[4m[34m,[m[4m[38;5;130m\[m[30;58H5[5;1H[?25h[?25l[30;48H~@k[5;1H[30;48H   [6;1H[5;1H[34m"   Sort sequence:[m[38;5;130m [\/]$[m[34m,[m[38;5;130m\<core\%(\.\d\+\)\=\>[m[34m,[m[38;5;130m\.h$[m[34m,[m[38;5;130m\.c$[m[34m,[m[38;5;130m\.cpp$[m[34m,[m[38;5;130m\~\=\*$[m[34m,[m[38;5;130m*[m[34m,[m[38;5;130m\[m[6;1H[4m[34m"   Quick Help: [m[4m[36m<F1>[m[4m[35m:[m[4mhelp  [m[4m[36m-[m[4m[35m:[m[4mgo up dir  [m[4m[36mD[m[4m[35m:[m[4mdelete  [m[4m[36mR[m[4m[35m:[m[4mrename  [m[4m[36ms[m[4m[35m:[m[4msort-by  [m[4m[36mx[m[4m[35m:[m[4msp[m[30;58H6[6;1H[?25h[?25l[30;48H~@k[6;1H[30;48H   [7;1H[6;1H[34m"   Quick Help: [m[36m<F1>[m[35m:[mhelp  [36m-[m[35m:[mgo up dir  [36mD[m[35m:[mdelete  [36mR[m[35m:[mrename  [36ms[m[35m:[msort-by  [36mx[m[35m:[msp[7;1H[4m[34m" =========================================================================[m[30;58H7[7;1H[?25h[?25l[30;48H~@k[7;1H[30;48H   [8;1H[7;1H[34m" =========================================================================[m[8;1H[4m[34m..[m[4m[36m/[m[4m                                                                        [m[30;58H8[8;1H[?25h[?25l[30;48H~@k[8;1H[30;48H   [9;1H[8;1H[34m..[m[36m/[m[8;4H[K[9;1H[4m[34m.[m[4m[36m/[m[4m                                                                         [m[30;58H9[9;1H[?25h[?25l[30;48H~@k[9;1H[30;48H   [8;3H[4m[34m..[m[4m[36m/[m[4m                                                                        [m[9;1H[34m.[m[36m/[m[9;3H[K[30;58H8,3[8;3H[?25h[?25l[30;48H~@k[8;3H[30;48H   [8;2H[30;60H2[8;2H[?25h[?25l[30;48H~@k[8;2H[30;48H   [8;1H[30;60H1[8;1H[?25h[?25l[30;48H~@k[8;1H[30;48H   [7;38H[1;1H[34m==[m[1;37H[K[2;1H[34m                       [m[36m(netrw v165)[m[2;36H[K[3;1H[34mIBUTING.md[m[3;11H[K[4;1H[K[5;1H[38;5;130m\=\>[m[34m,[m[38;5;130m\.h$[m[34m,[m[38;5;130m\.c$[m[34m,[m[38;5;130m\.cpp$[m[34m,[m[38;5;130m\~\=\*$[m[34m,[m[38;5;130m*[m[34m,[m[38;5;130m\.o$[m[34m,[m[38;5;130m\.obj$[m[34m,[m[1C[38;5;130m.info[4Cswp$[m[34m,[m[38;5;130m\.bak$[m[34m,[m[1C[38;5;130m~$[m[5;70H[K[6;1Hdelete  [36mR[m[35m:[mrename  [36ms[m[35m:[msort-by  [36mx[m[35m:[mspecial[6;41H[K[7;1H[4m[34m======================================[m[4m                                     [m[8;1H[K[9;1H[K[30;58H[K[30;58H7,80[10CAll[7;38H[?25h[?2004h[?25l[1;1H[34m" [34C=======================================[2;1H" Netrw Directory Listing                                        [m[36m(netrw v16[m[3;1H[34m"   /home/ankurguglani/mygit_project/CONTRIBUTING.md
"   Sorted by[m[38;5;130m      name[m
[34m"   Sort sequence:[m[38;5;130m [\/]$[m[34m,[m[38;5;130m\<core\%(\.\d\+\)\=\>[m[34m,[m[38;5;130m\.h[4Cc$[m[34m,[m[38;5;130m\.cpp$[m[34m,[m[38;5;130m\~\=\*$[m[34m,[m[38;5;130m*[m[34m,[m[38;5;130m\[m[6;1H[34m"   Quick Help: [m[36m<F1>[m[35m:[mhelp  [36m-[m[35m:[mgo up dir  [36mD[m[35m:[mdelete  [36mR[m[35m:[mrename  [36ms[m[35m:[msort-by  [36mx[m[35m:[msp[7;1H[34m" =========================================================================[m[8;1H[4m[34m..[m[4m[36m/[m[4m                                                                        [m[9;1H[34m.[m[36m/[m[30;58H[K[30;58H8,1[11CAll[8;1H[?25h[?25l[30;1HType  :qa  and press <Enter> to exit Vim[30;58H[K[30;1H[1mrecording @a[m[30;13H[K[30;58H8,1[11CAll[8;1H[?25h[?25l[30;48Hc[8;1H[?25h[?25l[30;48H [8;1H[?2004h[?25h[?25l[30;48Hn[8;1H[30;1H[97m[41mE35: No previous regular expression[m[30;48H[K[8;1H[?2004l[?2004h[30;1H[1mrecording @a[m[30;13H[K[30;58H8,1[11CAll[8;1H[?25h[?25l[34m..[m[36m/[m[8;4H[K[9;1H[4m[34m.[m[4m[36m/[m[4m                                                                         [m[30;58H9[9;1H[?25h[?25l[30;48Hh[9;1H[30;48H [9;1H[?25h[?2004h[?25l[30;58H[K[30;58H9,1[11CAll[9;1H[?25h[?2004h[?25l[30;58H[K[30;58H9,1[11CAll[9;1H[?25h[?2004h[?25l[30;58H[K[30;58H9,1[11CAll[9;1H[?25h[?2004h[?25l[30;58H[K[30;58H9,1[11CAll[9;1H[?25h[?25l[30;48H^[[9;1H[30;48H  [9;1H[30;48H^[[9;1H[30;48H  [9;1H[?25h[?25l[30;48H^[[9;1H[30;48H  [9;1H[30;48H^[[9;1H[30;48H  [9;1H[?25h[?25l[30;48Hq[9;1H[?25h[?25l[30;48H [9;1H[30;1H[K[30;58H9,1[11CAll[9;1H[?25h[?2004h[?25l[30;58H[K[30;1H"NetrwMessage"  --No lines in buffer--[27;1H[7m~/mygit_project/CONTRIBUTING.md [RO]                     9,1            All[m[28;1H[31m**warning**[m (netrw) your hiding list is empty![28;47H[K[29;1H[1m[7mNetrwMessage [RO]                                        1,1            All[28;1H[?25h[?25l[m[30;65H^[[28;1H[30;65H  [28;1H[30;65H^[[28;1H[30;65H  [28;1H[?25h[?25l[30;65H:[28;1H[30;1H[K[30;1H:[?2004h[?25hwq[?25l[97m[41mE382: Cannot write, 'buftype' option is set[?2004h[28;1H[?25h[?25l[m[30;65H:[28;1H[30;1H[K[30;1H:[?2004h[?25hqw[?25l[97m[41mE492: Not an editor command: qw[28;1H[?25h[?25l[m[30;65H:[28;1H[30;1H[K[30;1H:[?2004h[?25hwq[?25l[97m[41mE382: Cannot write, 'buftype' option is set[?2004h[28;1H[?25h[?25l[m[30;65H^[[28;1H[30;65H  [28;1H[30;65H^[[28;1H[30;65H  [28;1H[?25h[?25l[30;65H^[[28;1H[30;65H  [28;1H[30;65H^[[28;1H[30;65H  [28;1H[?25h[?25l[30;65H^[[28;1H[30;65H  [28;1H[30;65H^[[28;1H[30;65H  [28;1H[?25h[?25l[30;65H^[[28;1H[30;65H  [28;1H[30;65H^[[28;1H[30;65H  [28;1H[?25h[?25l[30;65H^[[28;1H[30;65H  [28;1H[30;65H^[[28;1H[30;65H  [28;1H[?25h[?25l[30;65H^I[28;1H[30;65H  [28;1H[?25h[?25l[30;65H:[28;1H[30;1H[K[30;1H:[?2004h[?25h [?25l[28;1H[?25h[?25l[30;65H~@k[28;1H[30;65H   [28;1H[?25h[?25l[30;65H~@k[28;1H[30;65H   [28;1H[?25h[?25l[30;65H~@k[28;1H[30;65H   [28;1H[?25h[?25l[30;65H:[28;1H[30;65H[K[30;1H:[?2004h[?25hwq[?25l[97m[41mE382: Cannot write, 'buftype' option is set[?2004h[28;1H[?25h[?25l[m[30;65Ha[28;1H[30;2H[97m[41m21: Cannot make changes, 'modifiable' is off[m[30;65H[K[28;1H[?25h[?25l[30;65Ha[28;1H[30;65H[K[28;1H[?25h[?25l[30;65Ha[28;1H[30;65H[K[28;1H[?25h[?25l[30;65Hi[28;1H[30;65H[K[28;1H[?25h[?25l[30;65Hi[28;1H[30;65H[K[28;1H[?25h[?25l[30;65Hu[28;1H[30;65H[K[28;1H[?25h[?25l[30;65Ho[28;1H[30;65H[K[28;1H[?25h[?25l[30;65Hu[28;1H[30;65H[K[28;1H[?25h[?25l[30;65Hr[28;1H[?25h[?25l[30;66Hy[28;1H[30;65H[K[28;1H[?25h[?25l[30;65Hy[28;1H[?25h[?25l[30;66Ho[28;1H[30;65H  [28;1H[?25h[?25l[30;65Ho[28;1H[30;65H[K[28;1H[?25h[?25l[30;65Hp[28;1H[30;65H[K[28;1H[?25h[?25l[30;65Hp[28;1H[30;65H[K[28;1H[?25h[?25l[30;65Ho[28;1H[30;65H[K[28;1H[?25h[?25l[30;65Hb[28;1H[30;65H [28;1H[?25h[?25l[30;65Hc[28;1H[?25h[?25l[30;66H^M[28;1H[30;65H   [28;1H[?25h[?25l[30;65H^M[28;1H[30;65H  [28;1H[?25h[?25l[30;65H^M[28;1H[30;65H  [28;1H[?25h[?25l[30;65H^[[28;1H[30;65H  [28;1H[30;65H^[[28;1H[30;65H  [28;1H[?25h[?25l[30;65H^[[28;1H[30;65H  [28;1H[30;65H^[[28;1H[30;65H  [28;1H[?25h[?25l[30;65H^[[28;1H[30;65H  [28;1H[30;65H^[[28;1H[30;65H  [28;1H[?25h[?25l[30;65H:[28;1H[30;1H[K[30;1H:[?2004h[?25hwq[?25l[97m[41mE382: Cannot write, 'buftype' option is set[?2004h[28;1H[?25h[?25l[m[30;65H:[28;1H[30;1H[K[30;1H:[?2004h[?25hq[?25l[?2004h[27;1H[94m~                                                                          [28;1H~                                                                          [29;1H~                                                                          [m[30;58H9,1[11CAll[9;1H[?25h[?2004h[?25l[?25h[?2004h[?25l[?25h[?2004h[?25l[?25h[?2004h[?25l[?25h[?2004h[?25l[?25h[?25l[30;48H^[[9;1H[30;48H  [9;1H[30;48H^[[9;1H[30;48H  [9;1H[?25h[?25l[30;48H^[[9;1H[30;48H  [9;1H[30;48H^[[9;1H[30;48H  [9;1H[?25h[?25l[30;48H^[[9;1H[30;48H  [9;1H[30;48H^[[9;1H[30;48H  [9;1H[?25h[?25l[30;48H^[[9;1H[30;48H  [9;1H[30;48H^[[9;1H[30;48H  [9;1H[?25h[?25l[30;48H^[[9;1H[30;48H  [9;1H[30;48H^[[9;1H[30;48H  [9;1H[?25h[?25l[30;48H^[[9;1H[30;48H  [9;1H[30;48H^[[9;1H[30;48H  [9;1H[?25h[?25l[30;48H:[9;1H[30;1H[K[30;1H:[?2004h[?25hq[?25l[?2004l[?2004h[?2004l[23;2t[23;1t[30;1H[K[30;1H[?2004l[?1l>[?25h[>4;m[?1049l[23;0;0t(base) ]0;ankurguglani@TIGER03379: ~/mygit_project[01;32mankurguglani@TIGER03379[00m:[01;34m~/mygit_project[00m$ [K(base) ]0;ankurguglani@TIGER03379: ~/mygit_project[01;32mankurguglani@TIGER03379[00m:[01;34m~/mygit_project[00m$ [K(base) ]0;ankurguglani@TIGER03379: ~/mygit_project[01;32mankurguglani@TIGER03379[00m:[01;34m~/mygit_project[00m$ h[Kgit status
On branch master

No commits yet

Changes to be committed:
  (use "git rm --cached <file>..." to unstage)
	[32mnew file:   README[m

(base) ]0;ankurguglani@TIGER03379: ~/mygit_project[01;32mankurguglani@TIGER03379[00m:[01;34m~/mygit_project[00m$ git statusvim CONTRIBUTING.md[9Pgit statusadd CONTRIBUTING.md
(base) ]0;ankurguglani@TIGER03379: ~/mygit_project[01;32mankurguglani@TIGER03379[00m:[01;34m~/mygit_project[00m$ git add CONTRIBUTING.mdstatus[Kvim CONTRIBUTING.md[9Pgit status
On branch master

No commits yet

Changes to be committed:
  (use "git rm --cached <file>..." to unstage)
	[32mnew file:   README[m

(base) ]0;ankurguglani@TIGER03379: ~/mygit_project[01;32mankurguglani@TIGER03379[00m:[01;34m~/mygit_project[00m$ git status -s
[32mA[m  README
(base) ]0;ankurguglani@TIGER03379: ~/mygit_project[01;32mankurguglani@TIGER03379[00m:[01;34m~/mygit_project[00m$ cat.gitinore .gitinore
cat: .gitinore: No such file or directory
(base) ]0;ankurguglani@TIGER03379: ~/mygit_project[01;32mankurguglani@TIGER03379[00m:[01;34m~/mygit_project[00m$ git diff
[?1h=[K[?1l>(base) ]0;ankurguglani@TIGER03379: ~/mygit_project[01;32mankurguglani@TIGER03379[00m:[01;34m~/mygit_project[00m$ git clone g[Khttps://github.co m/schacon/simplegit-progit
Cloning into 'simplegit-progit'...
remote: Enumerating objects: 13, done.[K
remote: Total 13 (delta 0), reused 0 (delta 0), pack-reused 13[K
Unpacking objects:   7% (1/13)Unpacking objects:  15% (2/13)Unpacking objects:  23% (3/13)Unpacking objects:  30% (4/13)Unpacking objects:  38% (5/13)Unpacking objects:  46% (6/13)Unpacking objects:  53% (7/13)Unpacking objects:  61% (8/13)Unpacking objects:  69% (9/13)Unpacking objects:  76% (10/13)Unpacking objects:  84% (11/13)Unpacking objects:  92% (12/13)Unpacking objects: 100% (13/13)Unpacking objects: 100% (13/13), 1.55 KiB | 528.00 KiB/s, done.
(base) ]0;ankurguglani@TIGER03379: ~/mygit_project[01;32mankurguglani@TIGER03379[00m:[01;34m~/mygit_project[00m$ git log
fatal: your current branch 'master' does not have any commits yet
(base) ]0;ankurguglani@TIGER03379: ~/mygit_project[01;32mankurguglani@TIGER03379[00m:[01;34m~/mygit_project[00m$ exit
exit

Script done on 2022-08-10 12:38:51+05:30 [COMMAND_EXIT_CODE="128"]
